------------------------------------------------------------
TimeQuest Timing Analyzer Summary
------------------------------------------------------------

Type  : Slow 1200mV 85C Model Setup 'TXclk'
Slack : -8.570
TNS   : -1013.376

Type  : Slow 1200mV 85C Model Setup 'RXCLK'
Slack : -6.209
TNS   : -2577.923

Type  : Slow 1200mV 85C Model Hold 'RXCLK'
Slack : 0.351
TNS   : 0.000

Type  : Slow 1200mV 85C Model Hold 'TXclk'
Slack : 0.391
TNS   : 0.000

Type  : Slow 1200mV 85C Model Recovery 'TXclk'
Slack : -1.556
TNS   : -90.911

Type  : Slow 1200mV 85C Model Recovery 'RXCLK'
Slack : -0.765
TNS   : -12.889

Type  : Slow 1200mV 85C Model Removal 'RXCLK'
Slack : 0.969
TNS   : 0.000

Type  : Slow 1200mV 85C Model Removal 'TXclk'
Slack : 1.014
TNS   : 0.000

Type  : Slow 1200mV 85C Model Minimum Pulse Width 'RXCLK'
Slack : -3.000
TNS   : -722.791

Type  : Slow 1200mV 85C Model Minimum Pulse Width 'TXclk'
Slack : -3.000
TNS   : -435.333

Type  : Slow 1200mV 0C Model Setup 'TXclk'
Slack : -7.868
TNS   : -909.352

Type  : Slow 1200mV 0C Model Setup 'RXCLK'
Slack : -5.736
TNS   : -2354.265

Type  : Slow 1200mV 0C Model Hold 'RXCLK'
Slack : 0.341
TNS   : 0.000

Type  : Slow 1200mV 0C Model Hold 'TXclk'
Slack : 0.341
TNS   : 0.000

Type  : Slow 1200mV 0C Model Recovery 'TXclk'
Slack : -1.365
TNS   : -74.577

Type  : Slow 1200mV 0C Model Recovery 'RXCLK'
Slack : -0.588
TNS   : -9.424

Type  : Slow 1200mV 0C Model Removal 'RXCLK'
Slack : 0.874
TNS   : 0.000

Type  : Slow 1200mV 0C Model Removal 'TXclk'
Slack : 0.923
TNS   : 0.000

Type  : Slow 1200mV 0C Model Minimum Pulse Width 'RXCLK'
Slack : -3.000
TNS   : -722.263

Type  : Slow 1200mV 0C Model Minimum Pulse Width 'TXclk'
Slack : -3.000
TNS   : -433.749

Type  : Fast 1200mV 0C Model Setup 'TXclk'
Slack : -3.909
TNS   : -361.239

Type  : Fast 1200mV 0C Model Setup 'RXCLK'
Slack : -2.685
TNS   : -1040.671

Type  : Fast 1200mV 0C Model Hold 'RXCLK'
Slack : 0.127
TNS   : 0.000

Type  : Fast 1200mV 0C Model Hold 'TXclk'
Slack : 0.166
TNS   : 0.000

Type  : Fast 1200mV 0C Model Recovery 'TXclk'
Slack : -0.343
TNS   : -8.284

Type  : Fast 1200mV 0C Model Recovery 'RXCLK'
Slack : 0.104
TNS   : 0.000

Type  : Fast 1200mV 0C Model Removal 'RXCLK'
Slack : 0.462
TNS   : 0.000

Type  : Fast 1200mV 0C Model Removal 'TXclk'
Slack : 0.470
TNS   : 0.000

Type  : Fast 1200mV 0C Model Minimum Pulse Width 'RXCLK'
Slack : -3.000
TNS   : -584.645

Type  : Fast 1200mV 0C Model Minimum Pulse Width 'TXclk'
Slack : -3.000
TNS   : -320.771

------------------------------------------------------------
