------------------------------------------------------------
TimeQuest Timing Analyzer Summary
------------------------------------------------------------

Type  : Slow 1200mV 85C Model Setup 'pllclk120mhz'
Slack : 2.751
TNS   : 0.000

Type  : Slow 1200mV 85C Model Setup 'ETH_TX_CLK'
Slack : 33.764
TNS   : 0.000

Type  : Slow 1200mV 85C Model Setup 'ETH_RX_CLK'
Slack : 35.419
TNS   : 0.000

Type  : Slow 1200mV 85C Model Hold 'ETH_RX_CLK'
Slack : 0.434
TNS   : 0.000

Type  : Slow 1200mV 85C Model Hold 'ETH_TX_CLK'
Slack : 0.434
TNS   : 0.000

Type  : Slow 1200mV 85C Model Hold 'pllclk120mhz'
Slack : 0.434
TNS   : 0.000

Type  : Slow 1200mV 85C Model Minimum Pulse Width 'pllclk120mhz'
Slack : 3.858
TNS   : 0.000

Type  : Slow 1200mV 85C Model Minimum Pulse Width 'ETH_RX_CLK'
Slack : 19.617
TNS   : 0.000

Type  : Slow 1200mV 85C Model Minimum Pulse Width 'ETH_TX_CLK'
Slack : 19.634
TNS   : 0.000

Type  : Slow 1200mV 85C Model Minimum Pulse Width 'CLOCK20MHZ'
Slack : 24.854
TNS   : 0.000

Type  : Slow 1200mV 0C Model Setup 'pllclk120mhz'
Slack : 3.099
TNS   : 0.000

Type  : Slow 1200mV 0C Model Setup 'ETH_TX_CLK'
Slack : 34.127
TNS   : 0.000

Type  : Slow 1200mV 0C Model Setup 'ETH_RX_CLK'
Slack : 35.577
TNS   : 0.000

Type  : Slow 1200mV 0C Model Hold 'ETH_TX_CLK'
Slack : 0.382
TNS   : 0.000

Type  : Slow 1200mV 0C Model Hold 'ETH_RX_CLK'
Slack : 0.383
TNS   : 0.000

Type  : Slow 1200mV 0C Model Hold 'pllclk120mhz'
Slack : 0.383
TNS   : 0.000

Type  : Slow 1200mV 0C Model Minimum Pulse Width 'pllclk120mhz'
Slack : 3.860
TNS   : 0.000

Type  : Slow 1200mV 0C Model Minimum Pulse Width 'ETH_RX_CLK'
Slack : 19.601
TNS   : 0.000

Type  : Slow 1200mV 0C Model Minimum Pulse Width 'ETH_TX_CLK'
Slack : 19.622
TNS   : 0.000

Type  : Slow 1200mV 0C Model Minimum Pulse Width 'CLOCK20MHZ'
Slack : 24.830
TNS   : 0.000

Type  : Fast 1200mV 0C Model Setup 'pllclk120mhz'
Slack : 5.861
TNS   : 0.000

Type  : Fast 1200mV 0C Model Setup 'ETH_TX_CLK'
Slack : 37.280
TNS   : 0.000

Type  : Fast 1200mV 0C Model Setup 'ETH_RX_CLK'
Slack : 37.942
TNS   : 0.000

Type  : Fast 1200mV 0C Model Hold 'ETH_RX_CLK'
Slack : 0.152
TNS   : 0.000

Type  : Fast 1200mV 0C Model Hold 'ETH_TX_CLK'
Slack : 0.166
TNS   : 0.000

Type  : Fast 1200mV 0C Model Hold 'pllclk120mhz'
Slack : 0.167
TNS   : 0.000

Type  : Fast 1200mV 0C Model Minimum Pulse Width 'pllclk120mhz'
Slack : 3.917
TNS   : 0.000

Type  : Fast 1200mV 0C Model Minimum Pulse Width 'ETH_RX_CLK'
Slack : 19.204
TNS   : 0.000

Type  : Fast 1200mV 0C Model Minimum Pulse Width 'ETH_TX_CLK'
Slack : 19.209
TNS   : 0.000

Type  : Fast 1200mV 0C Model Minimum Pulse Width 'CLOCK20MHZ'
Slack : 24.410
TNS   : 0.000

------------------------------------------------------------
